// Jest Snapshot v1, https://goo.gl/fbAQLP

exports[`Modal should render modal on button click 1`] = `ReactWrapper {}`;
